  EQD2Viewer.Stubs -> C:\Users\ov019975\source\repos\ESAPI_EQD2Viewer\EQD2Viewer.Stubs\bin\Debug\EQD2Viewer.Stubs.dll
  EQD2Viewer.Core -> C:\Users\ov019975\source\repos\ESAPI_EQD2Viewer\EQD2Viewer.Core\bin\Debug\net48\EQD2Viewer.Core.dll
  EQD2Viewer.Services -> C:\Users\ov019975\source\repos\ESAPI_EQD2Viewer\EQD2Viewer.Services\bin\Debug\EQD2Viewer.Services.dll
  EQD2Viewer.Fixtures -> C:\Users\ov019975\source\repos\ESAPI_EQD2Viewer\EQD2Viewer.Fixtures\bin\Debug\net48\EQD2Viewer.Fixtures.dll
C:\Users\ov019975\source\repos\ESAPI_EQD2Viewer\EQD2Viewer.App\UI\ViewModels\DoseOverlayViewModel.cs(1,7): error CS0246: The type or namespace name 'CommunityToolkit' could not be found (are you missing a using directive or an assembly reference?) [C:\Users\ov019975\source\repos\ESAPI_EQD2Viewer\EQD2Viewer.App\EQD2Viewer.App.csproj]
C:\Users\ov019975\source\repos\ESAPI_EQD2Viewer\EQD2Viewer.App\UI\ViewModels\MainViewModel.cs(1,7): error CS0246: The type or namespace name 'CommunityToolkit' could not be found (are you missing a using directive or an assembly reference?) [C:\Users\ov019975\source\repos\ESAPI_EQD2Viewer\EQD2Viewer.App\EQD2Viewer.App.csproj]
C:\Users\ov019975\source\repos\ESAPI_EQD2Viewer\EQD2Viewer.App\UI\ViewModels\MainViewModel.cs(8,7): error CS0246: The type or namespace name 'OxyPlot' could not be found (are you missing a using directive or an assembly reference?) [C:\Users\ov019975\source\repos\ESAPI_EQD2Viewer\EQD2Viewer.App\EQD2Viewer.App.csproj]
C:\Users\ov019975\source\repos\ESAPI_EQD2Viewer\EQD2Viewer.App\UI\ViewModels\MainViewModel.cs(9,7): error CS0246: The type or namespace name 'OxyPlot' could not be found (are you missing a using directive or an assembly reference?) [C:\Users\ov019975\source\repos\ESAPI_EQD2Viewer\EQD2Viewer.App\EQD2Viewer.App.csproj]
C:\Users\ov019975\source\repos\ESAPI_EQD2Viewer\EQD2Viewer.App\UI\ViewModels\MainViewModel.Properties.cs(1,7): error CS0246: The type or namespace name 'CommunityToolkit' could not be found (are you missing a using directive or an assembly reference?) [C:\Users\ov019975\source\repos\ESAPI_EQD2Viewer\EQD2Viewer.App\EQD2Viewer.App.csproj]
C:\Users\ov019975\source\repos\ESAPI_EQD2Viewer\EQD2Viewer.App\UI\ViewModels\MainViewModel.Properties.cs(4,7): error CS0246: The type or namespace name 'OxyPlot' could not be found (are you missing a using directive or an assembly reference?) [C:\Users\ov019975\source\repos\ESAPI_EQD2Viewer\EQD2Viewer.App\EQD2Viewer.App.csproj]
C:\Users\ov019975\source\repos\ESAPI_EQD2Viewer\EQD2Viewer.App\UI\ViewModels\MainViewModel.DVH.cs(4,7): error CS0246: The type or namespace name 'OxyPlot' could not be found (are you missing a using directive or an assembly reference?) [C:\Users\ov019975\source\repos\ESAPI_EQD2Viewer\EQD2Viewer.App\EQD2Viewer.App.csproj]
C:\Users\ov019975\source\repos\ESAPI_EQD2Viewer\EQD2Viewer.App\UI\ViewModels\MainViewModel.DVH.cs(5,7): error CS0246: The type or namespace name 'OxyPlot' could not be found (are you missing a using directive or an assembly reference?) [C:\Users\ov019975\source\repos\ESAPI_EQD2Viewer\EQD2Viewer.App\EQD2Viewer.App.csproj]
C:\Users\ov019975\source\repos\ESAPI_EQD2Viewer\EQD2Viewer.App\UI\ViewModels\MainViewModel.Summation.cs(1,7): error CS0246: The type or namespace name 'CommunityToolkit' could not be found (are you missing a using directive or an assembly reference?) [C:\Users\ov019975\source\repos\ESAPI_EQD2Viewer\EQD2Viewer.App\EQD2Viewer.App.csproj]
C:\Users\ov019975\source\repos\ESAPI_EQD2Viewer\EQD2Viewer.App\UI\ViewModels\MainViewModel.Summation.cs(9,7): error CS0246: The type or namespace name 'OxyPlot' could not be found (are you missing a using directive or an assembly reference?) [C:\Users\ov019975\source\repos\ESAPI_EQD2Viewer\EQD2Viewer.App\EQD2Viewer.App.csproj]
C:\Users\ov019975\source\repos\ESAPI_EQD2Viewer\EQD2Viewer.App\UI\ViewModels\MainViewModel.Summation.cs(10,7): error CS0246: The type or namespace name 'OxyPlot' could not be found (are you missing a using directive or an assembly reference?) [C:\Users\ov019975\source\repos\ESAPI_EQD2Viewer\EQD2Viewer.App\EQD2Viewer.App.csproj]
C:\Users\ov019975\source\repos\ESAPI_EQD2Viewer\EQD2Viewer.App\UI\ViewModels\MainViewModel.Commands.cs(1,7): error CS0246: The type or namespace name 'CommunityToolkit' could not be found (are you missing a using directive or an assembly reference?) [C:\Users\ov019975\source\repos\ESAPI_EQD2Viewer\EQD2Viewer.App\EQD2Viewer.App.csproj]
C:\Users\ov019975\source\repos\ESAPI_EQD2Viewer\EQD2Viewer.App\UI\ViewModels\DoseOverlayViewModel.cs(22,43): error CS0246: The type or namespace name 'ObservableObject' could not be found (are you missing a using directive or an assembly reference?) [C:\Users\ov019975\source\repos\ESAPI_EQD2Viewer\EQD2Viewer.App\EQD2Viewer.App.csproj]
C:\Users\ov019975\source\repos\ESAPI_EQD2Viewer\EQD2Viewer.App\UI\ViewModels\MainViewModel.cs(39,42): error CS0246: The type or namespace name 'ObservableObject' could not be found (are you missing a using directive or an assembly reference?) [C:\Users\ov019975\source\repos\ESAPI_EQD2Viewer\EQD2Viewer.App\EQD2Viewer.App.csproj]
C:\Users\ov019975\source\repos\ESAPI_EQD2Viewer\EQD2Viewer.App\UI\ViewModels\MainViewModel.Properties.cs(216,16): error CS0246: The type or namespace name 'PlotModel' could not be found (are you missing a using directive or an assembly reference?) [C:\Users\ov019975\source\repos\ESAPI_EQD2Viewer\EQD2Viewer.App\EQD2Viewer.App.csproj]
C:\Users\ov019975\source\repos\ESAPI_EQD2Viewer\EQD2Viewer.App\UI\ViewModels\MainViewModel.Summation.cs(47,10): error CS0246: The type or namespace name 'RelayCommandAttribute' could not be found (are you missing a using directive or an assembly reference?) [C:\Users\ov019975\source\repos\ESAPI_EQD2Viewer\EQD2Viewer.App\EQD2Viewer.App.csproj]
C:\Users\ov019975\source\repos\ESAPI_EQD2Viewer\EQD2Viewer.App\UI\ViewModels\MainViewModel.Summation.cs(47,10): error CS0246: The type or namespace name 'RelayCommand' could not be found (are you missing a using directive or an assembly reference?) [C:\Users\ov019975\source\repos\ESAPI_EQD2Viewer\EQD2Viewer.App\EQD2Viewer.App.csproj]
C:\Users\ov019975\source\repos\ESAPI_EQD2Viewer\EQD2Viewer.App\UI\ViewModels\MainViewModel.Summation.cs(67,10): error CS0246: The type or namespace name 'RelayCommandAttribute' could not be found (are you missing a using directive or an assembly reference?) [C:\Users\ov019975\source\repos\ESAPI_EQD2Viewer\EQD2Viewer.App\EQD2Viewer.App.csproj]
C:\Users\ov019975\source\repos\ESAPI_EQD2Viewer\EQD2Viewer.App\UI\ViewModels\MainViewModel.Summation.cs(67,10): error CS0246: The type or namespace name 'RelayCommand' could not be found (are you missing a using directive or an assembly reference?) [C:\Users\ov019975\source\repos\ESAPI_EQD2Viewer\EQD2Viewer.App\EQD2Viewer.App.csproj]
C:\Users\ov019975\source\repos\ESAPI_EQD2Viewer\EQD2Viewer.App\UI\ViewModels\MainViewModel.Summation.cs(74,10): error CS0246: The type or namespace name 'RelayCommandAttribute' could not be found (are you missing a using directive or an assembly reference?) [C:\Users\ov019975\source\repos\ESAPI_EQD2Viewer\EQD2Viewer.App\EQD2Viewer.App.csproj]
C:\Users\ov019975\source\repos\ESAPI_EQD2Viewer\EQD2Viewer.App\UI\ViewModels\MainViewModel.Summation.cs(74,10): error CS0246: The type or namespace name 'RelayCommand' could not be found (are you missing a using directive or an assembly reference?) [C:\Users\ov019975\source\repos\ESAPI_EQD2Viewer\EQD2Viewer.App\EQD2Viewer.App.csproj]
C:\Users\ov019975\source\repos\ESAPI_EQD2Viewer\EQD2Viewer.App\UI\ViewModels\MainViewModel.Commands.cs(11,10): error CS0246: The type or namespace name 'RelayCommandAttribute' could not be found (are you missing a using directive or an assembly reference?) [C:\Users\ov019975\source\repos\ESAPI_EQD2Viewer\EQD2Viewer.App\EQD2Viewer.App.csproj]
C:\Users\ov019975\source\repos\ESAPI_EQD2Viewer\EQD2Viewer.App\UI\ViewModels\MainViewModel.Commands.cs(11,10): error CS0246: The type or namespace name 'RelayCommand' could not be found (are you missing a using directive or an assembly reference?) [C:\Users\ov019975\source\repos\ESAPI_EQD2Viewer\EQD2Viewer.App\EQD2Viewer.App.csproj]
C:\Users\ov019975\source\repos\ESAPI_EQD2Viewer\EQD2Viewer.App\UI\ViewModels\MainViewModel.Commands.cs(14,10): error CS0246: The type or namespace name 'RelayCommandAttribute' could not be found (are you missing a using directive or an assembly reference?) [C:\Users\ov019975\source\repos\ESAPI_EQD2Viewer\EQD2Viewer.App\EQD2Viewer.App.csproj]
C:\Users\ov019975\source\repos\ESAPI_EQD2Viewer\EQD2Viewer.App\UI\ViewModels\MainViewModel.Commands.cs(14,10): error CS0246: The type or namespace name 'RelayCommand' could not be found (are you missing a using directive or an assembly reference?) [C:\Users\ov019975\source\repos\ESAPI_EQD2Viewer\EQD2Viewer.App\EQD2Viewer.App.csproj]
C:\Users\ov019975\source\repos\ESAPI_EQD2Viewer\EQD2Viewer.App\UI\ViewModels\MainViewModel.Commands.cs(25,10): error CS0246: The type or namespace name 'RelayCommandAttribute' could not be found (are you missing a using directive or an assembly reference?) [C:\Users\ov019975\source\repos\ESAPI_EQD2Viewer\EQD2Viewer.App\EQD2Viewer.App.csproj]
C:\Users\ov019975\source\repos\ESAPI_EQD2Viewer\EQD2Viewer.App\UI\ViewModels\MainViewModel.Commands.cs(25,10): error CS0246: The type or namespace name 'RelayCommand' could not be found (are you missing a using directive or an assembly reference?) [C:\Users\ov019975\source\repos\ESAPI_EQD2Viewer\EQD2Viewer.App\EQD2Viewer.App.csproj]
C:\Users\ov019975\source\repos\ESAPI_EQD2Viewer\EQD2Viewer.App\UI\ViewModels\MainViewModel.Commands.cs(28,10): error CS0246: The type or namespace name 'RelayCommandAttribute' could not be found (are you missing a using directive or an assembly reference?) [C:\Users\ov019975\source\repos\ESAPI_EQD2Viewer\EQD2Viewer.App\EQD2Viewer.App.csproj]
C:\Users\ov019975\source\repos\ESAPI_EQD2Viewer\EQD2Viewer.App\UI\ViewModels\MainViewModel.Commands.cs(28,10): error CS0246: The type or namespace name 'RelayCommand' could not be found (are you missing a using directive or an assembly reference?) [C:\Users\ov019975\source\repos\ESAPI_EQD2Viewer\EQD2Viewer.App\EQD2Viewer.App.csproj]
C:\Users\ov019975\source\repos\ESAPI_EQD2Viewer\EQD2Viewer.App\UI\ViewModels\MainViewModel.Commands.cs(31,10): error CS0246: The type or namespace name 'RelayCommandAttribute' could not be found (are you missing a using directive or an assembly reference?) [C:\Users\ov019975\source\repos\ESAPI_EQD2Viewer\EQD2Viewer.App\EQD2Viewer.App.csproj]
C:\Users\ov019975\source\repos\ESAPI_EQD2Viewer\EQD2Viewer.App\UI\ViewModels\MainViewModel.Commands.cs(31,10): error CS0246: The type or namespace name 'RelayCommand' could not be found (are you missing a using directive or an assembly reference?) [C:\Users\ov019975\source\repos\ESAPI_EQD2Viewer\EQD2Viewer.App\EQD2Viewer.App.csproj]
C:\Users\ov019975\source\repos\ESAPI_EQD2Viewer\EQD2Viewer.App\UI\ViewModels\MainViewModel.Commands.cs(44,10): error CS0246: The type or namespace name 'RelayCommandAttribute' could not be found (are you missing a using directive or an assembly reference?) [C:\Users\ov019975\source\repos\ESAPI_EQD2Viewer\EQD2Viewer.App\EQD2Viewer.App.csproj]
C:\Users\ov019975\source\repos\ESAPI_EQD2Viewer\EQD2Viewer.App\UI\ViewModels\MainViewModel.Commands.cs(44,10): error CS0246: The type or namespace name 'RelayCommand' could not be found (are you missing a using directive or an assembly reference?) [C:\Users\ov019975\source\repos\ESAPI_EQD2Viewer\EQD2Viewer.App\EQD2Viewer.App.csproj]
C:\Users\ov019975\source\repos\ESAPI_EQD2Viewer\EQD2Viewer.App\UI\ViewModels\MainViewModel.Commands.cs(47,10): error CS0246: The type or namespace name 'RelayCommandAttribute' could not be found (are you missing a using directive or an assembly reference?) [C:\Users\ov019975\source\repos\ESAPI_EQD2Viewer\EQD2Viewer.App\EQD2Viewer.App.csproj]
C:\Users\ov019975\source\repos\ESAPI_EQD2Viewer\EQD2Viewer.App\UI\ViewModels\MainViewModel.Commands.cs(47,10): error CS0246: The type or namespace name 'RelayCommand' could not be found (are you missing a using directive or an assembly reference?) [C:\Users\ov019975\source\repos\ESAPI_EQD2Viewer\EQD2Viewer.App\EQD2Viewer.App.csproj]
C:\Users\ov019975\source\repos\ESAPI_EQD2Viewer\EQD2Viewer.App\UI\ViewModels\MainViewModel.Commands.cs(54,10): error CS0246: The type or namespace name 'RelayCommandAttribute' could not be found (are you missing a using directive or an assembly reference?) [C:\Users\ov019975\source\repos\ESAPI_EQD2Viewer\EQD2Viewer.App\EQD2Viewer.App.csproj]
C:\Users\ov019975\source\repos\ESAPI_EQD2Viewer\EQD2Viewer.App\UI\ViewModels\MainViewModel.Commands.cs(54,10): error CS0246: The type or namespace name 'RelayCommand' could not be found (are you missing a using directive or an assembly reference?) [C:\Users\ov019975\source\repos\ESAPI_EQD2Viewer\EQD2Viewer.App\EQD2Viewer.App.csproj]
C:\Users\ov019975\source\repos\ESAPI_EQD2Viewer\EQD2Viewer.App\UI\ViewModels\MainViewModel.Commands.cs(64,10): error CS0246: The type or namespace name 'RelayCommandAttribute' could not be found (are you missing a using directive or an assembly reference?) [C:\Users\ov019975\source\repos\ESAPI_EQD2Viewer\EQD2Viewer.App\EQD2Viewer.App.csproj]
C:\Users\ov019975\source\repos\ESAPI_EQD2Viewer\EQD2Viewer.App\UI\ViewModels\MainViewModel.Commands.cs(64,10): error CS0246: The type or namespace name 'RelayCommand' could not be found (are you missing a using directive or an assembly reference?) [C:\Users\ov019975\source\repos\ESAPI_EQD2Viewer\EQD2Viewer.App\EQD2Viewer.App.csproj]
C:\Users\ov019975\source\repos\ESAPI_EQD2Viewer\EQD2Viewer.App\UI\ViewModels\MainViewModel.Commands.cs(73,10): error CS0246: The type or namespace name 'RelayCommandAttribute' could not be found (are you missing a using directive or an assembly reference?) [C:\Users\ov019975\source\repos\ESAPI_EQD2Viewer\EQD2Viewer.App\EQD2Viewer.App.csproj]
C:\Users\ov019975\source\repos\ESAPI_EQD2Viewer\EQD2Viewer.App\UI\ViewModels\MainViewModel.Commands.cs(73,10): error CS0246: The type or namespace name 'RelayCommand' could not be found (are you missing a using directive or an assembly reference?) [C:\Users\ov019975\source\repos\ESAPI_EQD2Viewer\EQD2Viewer.App\EQD2Viewer.App.csproj]
C:\Users\ov019975\source\repos\ESAPI_EQD2Viewer\EQD2Viewer.App\UI\ViewModels\MainViewModel.Commands.cs(76,10): error CS0246: The type or namespace name 'RelayCommandAttribute' could not be found (are you missing a using directive or an assembly reference?) [C:\Users\ov019975\source\repos\ESAPI_EQD2Viewer\EQD2Viewer.App\EQD2Viewer.App.csproj]
C:\Users\ov019975\source\repos\ESAPI_EQD2Viewer\EQD2Viewer.App\UI\ViewModels\MainViewModel.Commands.cs(76,10): error CS0246: The type or namespace name 'RelayCommand' could not be found (are you missing a using directive or an assembly reference?) [C:\Users\ov019975\source\repos\ESAPI_EQD2Viewer\EQD2Viewer.App\EQD2Viewer.App.csproj]

Build FAILED.

C:\Users\ov019975\source\repos\ESAPI_EQD2Viewer\EQD2Viewer.App\UI\ViewModels\DoseOverlayViewModel.cs(1,7): error CS0246: The type or namespace name 'CommunityToolkit' could not be found (are you missing a using directive or an assembly reference?) [C:\Users\ov019975\source\repos\ESAPI_EQD2Viewer\EQD2Viewer.App\EQD2Viewer.App.csproj]
C:\Users\ov019975\source\repos\ESAPI_EQD2Viewer\EQD2Viewer.App\UI\ViewModels\MainViewModel.cs(1,7): error CS0246: The type or namespace name 'CommunityToolkit' could not be found (are you missing a using directive or an assembly reference?) [C:\Users\ov019975\source\repos\ESAPI_EQD2Viewer\EQD2Viewer.App\EQD2Viewer.App.csproj]
C:\Users\ov019975\source\repos\ESAPI_EQD2Viewer\EQD2Viewer.App\UI\ViewModels\MainViewModel.cs(8,7): error CS0246: The type or namespace name 'OxyPlot' could not be found (are you missing a using directive or an assembly reference?) [C:\Users\ov019975\source\repos\ESAPI_EQD2Viewer\EQD2Viewer.App\EQD2Viewer.App.csproj]
C:\Users\ov019975\source\repos\ESAPI_EQD2Viewer\EQD2Viewer.App\UI\ViewModels\MainViewModel.cs(9,7): error CS0246: The type or namespace name 'OxyPlot' could not be found (are you missing a using directive or an assembly reference?) [C:\Users\ov019975\source\repos\ESAPI_EQD2Viewer\EQD2Viewer.App\EQD2Viewer.App.csproj]
C:\Users\ov019975\source\repos\ESAPI_EQD2Viewer\EQD2Viewer.App\UI\ViewModels\MainViewModel.Properties.cs(1,7): error CS0246: The type or namespace name 'CommunityToolkit' could not be found (are you missing a using directive or an assembly reference?) [C:\Users\ov019975\source\repos\ESAPI_EQD2Viewer\EQD2Viewer.App\EQD2Viewer.App.csproj]
C:\Users\ov019975\source\repos\ESAPI_EQD2Viewer\EQD2Viewer.App\UI\ViewModels\MainViewModel.Properties.cs(4,7): error CS0246: The type or namespace name 'OxyPlot' could not be found (are you missing a using directive or an assembly reference?) [C:\Users\ov019975\source\repos\ESAPI_EQD2Viewer\EQD2Viewer.App\EQD2Viewer.App.csproj]
C:\Users\ov019975\source\repos\ESAPI_EQD2Viewer\EQD2Viewer.App\UI\ViewModels\MainViewModel.DVH.cs(4,7): error CS0246: The type or namespace name 'OxyPlot' could not be found (are you missing a using directive or an assembly reference?) [C:\Users\ov019975\source\repos\ESAPI_EQD2Viewer\EQD2Viewer.App\EQD2Viewer.App.csproj]
C:\Users\ov019975\source\repos\ESAPI_EQD2Viewer\EQD2Viewer.App\UI\ViewModels\MainViewModel.DVH.cs(5,7): error CS0246: The type or namespace name 'OxyPlot' could not be found (are you missing a using directive or an assembly reference?) [C:\Users\ov019975\source\repos\ESAPI_EQD2Viewer\EQD2Viewer.App\EQD2Viewer.App.csproj]
C:\Users\ov019975\source\repos\ESAPI_EQD2Viewer\EQD2Viewer.App\UI\ViewModels\MainViewModel.Summation.cs(1,7): error CS0246: The type or namespace name 'CommunityToolkit' could not be found (are you missing a using directive or an assembly reference?) [C:\Users\ov019975\source\repos\ESAPI_EQD2Viewer\EQD2Viewer.App\EQD2Viewer.App.csproj]
C:\Users\ov019975\source\repos\ESAPI_EQD2Viewer\EQD2Viewer.App\UI\ViewModels\MainViewModel.Summation.cs(9,7): error CS0246: The type or namespace name 'OxyPlot' could not be found (are you missing a using directive or an assembly reference?) [C:\Users\ov019975\source\repos\ESAPI_EQD2Viewer\EQD2Viewer.App\EQD2Viewer.App.csproj]
C:\Users\ov019975\source\repos\ESAPI_EQD2Viewer\EQD2Viewer.App\UI\ViewModels\MainViewModel.Summation.cs(10,7): error CS0246: The type or namespace name 'OxyPlot' could not be found (are you missing a using directive or an assembly reference?) [C:\Users\ov019975\source\repos\ESAPI_EQD2Viewer\EQD2Viewer.App\EQD2Viewer.App.csproj]
C:\Users\ov019975\source\repos\ESAPI_EQD2Viewer\EQD2Viewer.App\UI\ViewModels\MainViewModel.Commands.cs(1,7): error CS0246: The type or namespace name 'CommunityToolkit' could not be found (are you missing a using directive or an assembly reference?) [C:\Users\ov019975\source\repos\ESAPI_EQD2Viewer\EQD2Viewer.App\EQD2Viewer.App.csproj]
C:\Users\ov019975\source\repos\ESAPI_EQD2Viewer\EQD2Viewer.App\UI\ViewModels\DoseOverlayViewModel.cs(22,43): error CS0246: The type or namespace name 'ObservableObject' could not be found (are you missing a using directive or an assembly reference?) [C:\Users\ov019975\source\repos\ESAPI_EQD2Viewer\EQD2Viewer.App\EQD2Viewer.App.csproj]
C:\Users\ov019975\source\repos\ESAPI_EQD2Viewer\EQD2Viewer.App\UI\ViewModels\MainViewModel.cs(39,42): error CS0246: The type or namespace name 'ObservableObject' could not be found (are you missing a using directive or an assembly reference?) [C:\Users\ov019975\source\repos\ESAPI_EQD2Viewer\EQD2Viewer.App\EQD2Viewer.App.csproj]
C:\Users\ov019975\source\repos\ESAPI_EQD2Viewer\EQD2Viewer.App\UI\ViewModels\MainViewModel.Properties.cs(216,16): error CS0246: The type or namespace name 'PlotModel' could not be found (are you missing a using directive or an assembly reference?) [C:\Users\ov019975\source\repos\ESAPI_EQD2Viewer\EQD2Viewer.App\EQD2Viewer.App.csproj]
C:\Users\ov019975\source\repos\ESAPI_EQD2Viewer\EQD2Viewer.App\UI\ViewModels\MainViewModel.Summation.cs(47,10): error CS0246: The type or namespace name 'RelayCommandAttribute' could not be found (are you missing a using directive or an assembly reference?) [C:\Users\ov019975\source\repos\ESAPI_EQD2Viewer\EQD2Viewer.App\EQD2Viewer.App.csproj]
C:\Users\ov019975\source\repos\ESAPI_EQD2Viewer\EQD2Viewer.App\UI\ViewModels\MainViewModel.Summation.cs(47,10): error CS0246: The type or namespace name 'RelayCommand' could not be found (are you missing a using directive or an assembly reference?) [C:\Users\ov019975\source\repos\ESAPI_EQD2Viewer\EQD2Viewer.App\EQD2Viewer.App.csproj]
C:\Users\ov019975\source\repos\ESAPI_EQD2Viewer\EQD2Viewer.App\UI\ViewModels\MainViewModel.Summation.cs(67,10): error CS0246: The type or namespace name 'RelayCommandAttribute' could not be found (are you missing a using directive or an assembly reference?) [C:\Users\ov019975\source\repos\ESAPI_EQD2Viewer\EQD2Viewer.App\EQD2Viewer.App.csproj]
C:\Users\ov019975\source\repos\ESAPI_EQD2Viewer\EQD2Viewer.App\UI\ViewModels\MainViewModel.Summation.cs(67,10): error CS0246: The type or namespace name 'RelayCommand' could not be found (are you missing a using directive or an assembly reference?) [C:\Users\ov019975\source\repos\ESAPI_EQD2Viewer\EQD2Viewer.App\EQD2Viewer.App.csproj]
C:\Users\ov019975\source\repos\ESAPI_EQD2Viewer\EQD2Viewer.App\UI\ViewModels\MainViewModel.Summation.cs(74,10): error CS0246: The type or namespace name 'RelayCommandAttribute' could not be found (are you missing a using directive or an assembly reference?) [C:\Users\ov019975\source\repos\ESAPI_EQD2Viewer\EQD2Viewer.App\EQD2Viewer.App.csproj]
C:\Users\ov019975\source\repos\ESAPI_EQD2Viewer\EQD2Viewer.App\UI\ViewModels\MainViewModel.Summation.cs(74,10): error CS0246: The type or namespace name 'RelayCommand' could not be found (are you missing a using directive or an assembly reference?) [C:\Users\ov019975\source\repos\ESAPI_EQD2Viewer\EQD2Viewer.App\EQD2Viewer.App.csproj]
C:\Users\ov019975\source\repos\ESAPI_EQD2Viewer\EQD2Viewer.App\UI\ViewModels\MainViewModel.Commands.cs(11,10): error CS0246: The type or namespace name 'RelayCommandAttribute' could not be found (are you missing a using directive or an assembly reference?) [C:\Users\ov019975\source\repos\ESAPI_EQD2Viewer\EQD2Viewer.App\EQD2Viewer.App.csproj]
C:\Users\ov019975\source\repos\ESAPI_EQD2Viewer\EQD2Viewer.App\UI\ViewModels\MainViewModel.Commands.cs(11,10): error CS0246: The type or namespace name 'RelayCommand' could not be found (are you missing a using directive or an assembly reference?) [C:\Users\ov019975\source\repos\ESAPI_EQD2Viewer\EQD2Viewer.App\EQD2Viewer.App.csproj]
C:\Users\ov019975\source\repos\ESAPI_EQD2Viewer\EQD2Viewer.App\UI\ViewModels\MainViewModel.Commands.cs(14,10): error CS0246: The type or namespace name 'RelayCommandAttribute' could not be found (are you missing a using directive or an assembly reference?) [C:\Users\ov019975\source\repos\ESAPI_EQD2Viewer\EQD2Viewer.App\EQD2Viewer.App.csproj]
C:\Users\ov019975\source\repos\ESAPI_EQD2Viewer\EQD2Viewer.App\UI\ViewModels\MainViewModel.Commands.cs(14,10): error CS0246: The type or namespace name 'RelayCommand' could not be found (are you missing a using directive or an assembly reference?) [C:\Users\ov019975\source\repos\ESAPI_EQD2Viewer\EQD2Viewer.App\EQD2Viewer.App.csproj]
C:\Users\ov019975\source\repos\ESAPI_EQD2Viewer\EQD2Viewer.App\UI\ViewModels\MainViewModel.Commands.cs(25,10): error CS0246: The type or namespace name 'RelayCommandAttribute' could not be found (are you missing a using directive or an assembly reference?) [C:\Users\ov019975\source\repos\ESAPI_EQD2Viewer\EQD2Viewer.App\EQD2Viewer.App.csproj]
C:\Users\ov019975\source\repos\ESAPI_EQD2Viewer\EQD2Viewer.App\UI\ViewModels\MainViewModel.Commands.cs(25,10): error CS0246: The type or namespace name 'RelayCommand' could not be found (are you missing a using directive or an assembly reference?) [C:\Users\ov019975\source\repos\ESAPI_EQD2Viewer\EQD2Viewer.App\EQD2Viewer.App.csproj]
C:\Users\ov019975\source\repos\ESAPI_EQD2Viewer\EQD2Viewer.App\UI\ViewModels\MainViewModel.Commands.cs(28,10): error CS0246: The type or namespace name 'RelayCommandAttribute' could not be found (are you missing a using directive or an assembly reference?) [C:\Users\ov019975\source\repos\ESAPI_EQD2Viewer\EQD2Viewer.App\EQD2Viewer.App.csproj]
C:\Users\ov019975\source\repos\ESAPI_EQD2Viewer\EQD2Viewer.App\UI\ViewModels\MainViewModel.Commands.cs(28,10): error CS0246: The type or namespace name 'RelayCommand' could not be found (are you missing a using directive or an assembly reference?) [C:\Users\ov019975\source\repos\ESAPI_EQD2Viewer\EQD2Viewer.App\EQD2Viewer.App.csproj]
C:\Users\ov019975\source\repos\ESAPI_EQD2Viewer\EQD2Viewer.App\UI\ViewModels\MainViewModel.Commands.cs(31,10): error CS0246: The type or namespace name 'RelayCommandAttribute' could not be found (are you missing a using directive or an assembly reference?) [C:\Users\ov019975\source\repos\ESAPI_EQD2Viewer\EQD2Viewer.App\EQD2Viewer.App.csproj]
C:\Users\ov019975\source\repos\ESAPI_EQD2Viewer\EQD2Viewer.App\UI\ViewModels\MainViewModel.Commands.cs(31,10): error CS0246: The type or namespace name 'RelayCommand' could not be found (are you missing a using directive or an assembly reference?) [C:\Users\ov019975\source\repos\ESAPI_EQD2Viewer\EQD2Viewer.App\EQD2Viewer.App.csproj]
C:\Users\ov019975\source\repos\ESAPI_EQD2Viewer\EQD2Viewer.App\UI\ViewModels\MainViewModel.Commands.cs(44,10): error CS0246: The type or namespace name 'RelayCommandAttribute' could not be found (are you missing a using directive or an assembly reference?) [C:\Users\ov019975\source\repos\ESAPI_EQD2Viewer\EQD2Viewer.App\EQD2Viewer.App.csproj]
C:\Users\ov019975\source\repos\ESAPI_EQD2Viewer\EQD2Viewer.App\UI\ViewModels\MainViewModel.Commands.cs(44,10): error CS0246: The type or namespace name 'RelayCommand' could not be found (are you missing a using directive or an assembly reference?) [C:\Users\ov019975\source\repos\ESAPI_EQD2Viewer\EQD2Viewer.App\EQD2Viewer.App.csproj]
C:\Users\ov019975\source\repos\ESAPI_EQD2Viewer\EQD2Viewer.App\UI\ViewModels\MainViewModel.Commands.cs(47,10): error CS0246: The type or namespace name 'RelayCommandAttribute' could not be found (are you missing a using directive or an assembly reference?) [C:\Users\ov019975\source\repos\ESAPI_EQD2Viewer\EQD2Viewer.App\EQD2Viewer.App.csproj]
C:\Users\ov019975\source\repos\ESAPI_EQD2Viewer\EQD2Viewer.App\UI\ViewModels\MainViewModel.Commands.cs(47,10): error CS0246: The type or namespace name 'RelayCommand' could not be found (are you missing a using directive or an assembly reference?) [C:\Users\ov019975\source\repos\ESAPI_EQD2Viewer\EQD2Viewer.App\EQD2Viewer.App.csproj]
C:\Users\ov019975\source\repos\ESAPI_EQD2Viewer\EQD2Viewer.App\UI\ViewModels\MainViewModel.Commands.cs(54,10): error CS0246: The type or namespace name 'RelayCommandAttribute' could not be found (are you missing a using directive or an assembly reference?) [C:\Users\ov019975\source\repos\ESAPI_EQD2Viewer\EQD2Viewer.App\EQD2Viewer.App.csproj]
C:\Users\ov019975\source\repos\ESAPI_EQD2Viewer\EQD2Viewer.App\UI\ViewModels\MainViewModel.Commands.cs(54,10): error CS0246: The type or namespace name 'RelayCommand' could not be found (are you missing a using directive or an assembly reference?) [C:\Users\ov019975\source\repos\ESAPI_EQD2Viewer\EQD2Viewer.App\EQD2Viewer.App.csproj]
C:\Users\ov019975\source\repos\ESAPI_EQD2Viewer\EQD2Viewer.App\UI\ViewModels\MainViewModel.Commands.cs(64,10): error CS0246: The type or namespace name 'RelayCommandAttribute' could not be found (are you missing a using directive or an assembly reference?) [C:\Users\ov019975\source\repos\ESAPI_EQD2Viewer\EQD2Viewer.App\EQD2Viewer.App.csproj]
C:\Users\ov019975\source\repos\ESAPI_EQD2Viewer\EQD2Viewer.App\UI\ViewModels\MainViewModel.Commands.cs(64,10): error CS0246: The type or namespace name 'RelayCommand' could not be found (are you missing a using directive or an assembly reference?) [C:\Users\ov019975\source\repos\ESAPI_EQD2Viewer\EQD2Viewer.App\EQD2Viewer.App.csproj]
C:\Users\ov019975\source\repos\ESAPI_EQD2Viewer\EQD2Viewer.App\UI\ViewModels\MainViewModel.Commands.cs(73,10): error CS0246: The type or namespace name 'RelayCommandAttribute' could not be found (are you missing a using directive or an assembly reference?) [C:\Users\ov019975\source\repos\ESAPI_EQD2Viewer\EQD2Viewer.App\EQD2Viewer.App.csproj]
C:\Users\ov019975\source\repos\ESAPI_EQD2Viewer\EQD2Viewer.App\UI\ViewModels\MainViewModel.Commands.cs(73,10): error CS0246: The type or namespace name 'RelayCommand' could not be found (are you missing a using directive or an assembly reference?) [C:\Users\ov019975\source\repos\ESAPI_EQD2Viewer\EQD2Viewer.App\EQD2Viewer.App.csproj]
C:\Users\ov019975\source\repos\ESAPI_EQD2Viewer\EQD2Viewer.App\UI\ViewModels\MainViewModel.Commands.cs(76,10): error CS0246: The type or namespace name 'RelayCommandAttribute' could not be found (are you missing a using directive or an assembly reference?) [C:\Users\ov019975\source\repos\ESAPI_EQD2Viewer\EQD2Viewer.App\EQD2Viewer.App.csproj]
C:\Users\ov019975\source\repos\ESAPI_EQD2Viewer\EQD2Viewer.App\UI\ViewModels\MainViewModel.Commands.cs(76,10): error CS0246: The type or namespace name 'RelayCommand' could not be found (are you missing a using directive or an assembly reference?) [C:\Users\ov019975\source\repos\ESAPI_EQD2Viewer\EQD2Viewer.App\EQD2Viewer.App.csproj]
    0 Warning(s)
    43 Error(s)

Time Elapsed 00:00:00.51
